---
source: datalib/backend/etl/providers/lightroom_render/tests/render_e2e.rs
expression: md
---
---
markdown_uuid: 00000000-0000-8e8f-914d-f566e0d2f6f8
source_id: lightroom
provider: lightroom
title: Lightroom catalog — lightroom
created_at: "2364-03-12T09:15:00-07:00"
modified_at: "2364-03-14T06:00:00-07:00"
---

<h1 class="page-title" data-page-title-uuid="00000000-0000-8e8f-914d-f566e0d2f6f8">Lightroom catalog — lightroom</h1>

4 photos in the catalog. Captured 2364-03-12 to 2364-03-14.

| | |
| --- | --- |
| Photos | 4 |
| Folders | 2 |

## By year captured

| Year | Photos |
| --- | ---: |
| 2364 | 4 |

## By file format

| Format | Photos |
| --- | ---: |
| RAW | 3 |
| JPG | 1 |

## By rating

| Rating | Photos |
| --- | ---: |
| 3 stars | 1 |
| 4 stars | 1 |
| 5 stars | 1 |
| Unrated | 1 |

## By flag

| Flag | Photos |
| --- | ---: |
| Unflagged | 4 |

## Keywords

| Keyword | Photos |
| --- | ---: |
| Crew | 3 |
| Android | 1 |
| Bridge | 1 |
