---
source: datalib/backend/etl/providers/apple_photos_render/tests/render_e2e.rs
expression: md
---
---
markdown_uuid: 00000000-0000-81c8-a664-ee422a7ef1d3
source_id: apple_photos
provider: apple_photos
title: Photos library — apple_photos
created_at: "2364-03-09T00:55:00+00:00"
modified_at: "2364-03-10T21:40:00+00:00"
---

<h1 class="page-title" data-page-title-uuid="00000000-0000-81c8-a664-ee422a7ef1d3">Photos library — apple_photos</h1>

4 photos and videos in the library. Taken 2364-03-09 to 2364-03-10 (UTC).

| | |
| --- | --- |
| Photos and videos | 4 |
| Favorites | 2 |
| Hidden | 0 |
| With a location | 2 |
| Recently deleted | 0 |
| Albums | 2: Bridge crew, Ten Forward |

## By kind

| Kind | Items |
| --- | ---: |
| Photo | 4 |

## By year taken

| Year | Items |
| --- | ---: |
| 2364 | 4 |

## By file type

| Type | Items |
| --- | ---: |
| jpeg | 3 |
| heic | 1 |
